// Jest Snapshot v1, https://goo.gl/fbAQLP

exports[`renders correctly when there are no players 1`] = `
<div>
  <h1 />
  <h2 />
  <h3 />
</div>
`;
